// Jest Snapshot v1, https://goo.gl/fbAQLP

exports[`PokemonOptions debe de hacer match con el snapshot 1`] = `
<div class="options-container">
  <ul>
    <li>bulbasaur</li>
    <li>ivysaur</li>
    <li>mew</li>
    <li>charmander</li>
  </ul>
</div>
`;
